// Jest Snapshot v1, https://goo.gl/fbAQLP

exports[`should test with snapshots 1`] = `
Object {
  "todos": Array [
    Object {
      "done": true,
      "task": "asd",
    },
  ],
}
`;
